// Jest Snapshot v1, https://goo.gl/fbAQLP

exports[`Badges component: contrast ratio fail range render 1`] = `"<span class=\\"badges\\" role=\\"group\\" aria-label=\\"accessibility.badges\\"><span class=\\"audit-badge badge\\" data-score=\\"FAIL\\" title=\\"accessibility.badge.contrast.tooltip\\" aria-label=\\"accessibility.badge.contrast.warning\\">accessibility.badge.contrast</span></span>"`;

exports[`Badges component: contrast ratio fail render 1`] = `"<span class=\\"badges\\" role=\\"group\\" aria-label=\\"accessibility.badges\\"><span class=\\"audit-badge badge\\" data-score=\\"FAIL\\" title=\\"accessibility.badge.contrast.tooltip\\" aria-label=\\"accessibility.badge.contrast.warning\\">accessibility.badge.contrast</span></span>"`;

exports[`Badges component: contrast ratio success render 1`] = `"<span class=\\"badges\\" role=\\"group\\" aria-label=\\"accessibility.badges\\"></span>"`;

exports[`Badges component: empty checks render 1`] = `""`;

exports[`Badges component: no props render 1`] = `""`;

exports[`Badges component: null checks render 1`] = `""`;

exports[`Badges component: unsupported checks render 1`] = `""`;
